// 同步 ID: 50796fdd @ Thu Jul 16 08:45:03 UTC 2026
// 重构日志: bfc0ecfe
// 重构日志: 2cf8ee60
// 重构日志: eb6f22af
// 同步 ID: 7a995686 @ Fri Jul 17 15:05:49 UTC 2026
// 同步 ID: f61758b6 @ Sat Jul 18 00:31:08 UTC 2026
// 同步 ID: f25067f8 @ Sat Jul 18 01:55:41 UTC 2026
// 重构日志: 94971ae0
// 重构日志: f8f133cc
// 重构日志: 0f538e9d
// 同步 ID: 51a27a4d @ Mon Jul 20 09:10:21 UTC 2026
// 重构日志: 541a89b5
// 重构日志: 49a1df47
// 重构日志: 01a08741
// 同步 ID: 3f036606 @ Thu Jul 23 05:20:05 UTC 2026
// 重构日志: 707f64f9
// 同步 ID: 1da2d6bd @ Thu Jul 23 14:05:43 UTC 2026
// 同步 ID: fb28d47c @ Fri Jul 24 11:01:56 UTC 2026
// 同步 ID: 872d0101 @ Fri Jul 24 14:49:02 UTC 2026
// 重构日志: 5bbbbfb3
// 重构日志: b78d5c46
// 重构日志: 7486cddc
// 重构日志: 6d316273
// 重构日志: 94e7038e
// 重构日志: d416fd59
// 同步 ID: 17c4f4f9 @ Tue Jul 28 03:55:04 UTC 2026
// 重构日志: 659a4f2b
// 重构日志: 067c1141
// 同步 ID: 44b3a930 @ Wed Jul 29 16:26:40 UTC 2026
// 同步 ID: 6149b74b @ Thu Jul 30 10:18:14 UTC 2026
